mode: set
github.com/eriksw/tfref/cmd/tfref/main.go:25.13,26.22 1 0
github.com/eriksw/tfref/cmd/tfref/main.go:26.22,38.3 11 0
github.com/eriksw/tfref/cmd/tfref/main.go:40.2,47.20 5 0
github.com/eriksw/tfref/cmd/tfref/main.go:47.20,50.3 2 0
github.com/eriksw/tfref/cmd/tfref/main.go:52.2,53.20 2 0
github.com/eriksw/tfref/cmd/tfref/main.go:53.20,55.17 2 0
github.com/eriksw/tfref/cmd/tfref/main.go:55.17,58.4 2 0
github.com/eriksw/tfref/cmd/tfref/main.go:59.3,60.22 2 0
github.com/eriksw/tfref/cmd/tfref/main.go:61.8,64.3 2 0
github.com/eriksw/tfref/cmd/tfref/main.go:66.2,67.16 2 0
github.com/eriksw/tfref/cmd/tfref/main.go:67.16,70.3 2 0
github.com/eriksw/tfref/cmd/tfref/main.go:72.2,73.23 2 0
github.com/eriksw/tfref/cmd/tfref/main.go:73.23,76.3 2 0
github.com/eriksw/tfref/cmd/tfref/main.go:78.2,79.16 2 0
github.com/eriksw/tfref/cmd/tfref/main.go:79.16,82.3 2 0
github.com/eriksw/tfref/cmd/tfref/main.go:84.2,84.38 1 0
github.com/eriksw/tfref/cmd/tfref/main.go:84.38,87.3 2 0
github.com/eriksw/tfref/cmd/tfref/main.go:89.2,90.20 2 0
github.com/eriksw/tfref/cmd/tfref/main.go:91.17,92.49 1 0
github.com/eriksw/tfref/cmd/tfref/main.go:93.10,94.50 1 0
github.com/eriksw/tfref/cmd/tfref/main.go:97.2,97.74 1 0
github.com/eriksw/tfref/cmd/tfref/main.go:105.42,112.33 5 0
github.com/eriksw/tfref/cmd/tfref/main.go:112.33,114.33 2 0
github.com/eriksw/tfref/cmd/tfref/main.go:114.33,116.12 2 0
github.com/eriksw/tfref/cmd/tfref/main.go:118.3,120.57 3 0
github.com/eriksw/tfref/cmd/tfref/main.go:120.57,122.21 2 0
github.com/eriksw/tfref/cmd/tfref/main.go:122.21,124.5 1 0
github.com/eriksw/tfref/cmd/tfref/main.go:127.2,129.15 3 0
github.com/eriksw/tfref/format.go:22.95,23.40 1 1
github.com/eriksw/tfref/format.go:23.40,23.75 1 1
github.com/eriksw/tfref/format.go:25.2,28.23 4 1
github.com/eriksw/tfref/format.go:28.23,30.3 1 1
github.com/eriksw/tfref/format.go:31.2,49.28 11 1
github.com/eriksw/tfref/format.go:49.28,61.3 6 1
github.com/eriksw/tfref/format.go:64.2,65.27 2 1
github.com/eriksw/tfref/format.go:65.27,66.21 1 1
github.com/eriksw/tfref/format.go:66.21,68.4 1 1
github.com/eriksw/tfref/format.go:70.2,71.23 2 1
github.com/eriksw/tfref/format.go:71.23,72.30 1 1
github.com/eriksw/tfref/format.go:72.30,74.4 1 1
github.com/eriksw/tfref/format.go:75.3,75.10 1 1
github.com/eriksw/tfref/format.go:79.2,79.40 1 1
github.com/eriksw/tfref/format.go:79.40,80.37 1 1
github.com/eriksw/tfref/format.go:80.37,82.4 1 1
github.com/eriksw/tfref/format.go:83.3,83.35 1 0
github.com/eriksw/tfref/format.go:85.2,85.26 1 1
github.com/eriksw/tfref/format.go:85.26,89.3 2 1
github.com/eriksw/tfref/format.go:91.2,91.10 1 1
github.com/eriksw/tfref/format.go:99.32,100.24 1 1
github.com/eriksw/tfref/format.go:100.24,102.3 1 1
github.com/eriksw/tfref/format.go:103.2,104.48 2 1
github.com/eriksw/tfref/format.go:108.32,110.2 1 1
github.com/eriksw/tfref/format.go:112.42,113.29 1 1
github.com/eriksw/tfref/format.go:113.29,115.3 1 0
github.com/eriksw/tfref/format.go:116.2,117.16 2 1
github.com/eriksw/tfref/format.go:117.16,119.3 1 0
github.com/eriksw/tfref/format.go:120.2,120.12 1 1
github.com/eriksw/tfref/model.go:36.33,37.24 1 0
github.com/eriksw/tfref/model.go:37.24,39.3 1 0
github.com/eriksw/tfref/model.go:40.2,40.37 1 0
github.com/eriksw/tfref/model.go:58.30,65.2 1 0
github.com/eriksw/tfref/model.go:85.24,91.2 1 1
github.com/eriksw/tfref/model.go:95.28,98.2 2 1
github.com/eriksw/tfref/parse.go:36.88,37.73 1 1
github.com/eriksw/tfref/parse.go:37.73,39.46 2 1
github.com/eriksw/tfref/parse.go:39.46,41.4 1 1
github.com/eriksw/tfref/parse.go:42.3,42.24 1 1
github.com/eriksw/tfref/parse.go:44.2,44.39 1 1
github.com/eriksw/tfref/parse.go:44.39,45.27 1 1
github.com/eriksw/tfref/parse.go:45.27,47.4 1 1
github.com/eriksw/tfref/parse.go:49.2,49.18 1 1
github.com/eriksw/tfref/parse.go:57.53,60.16 3 1
github.com/eriksw/tfref/parse.go:60.16,63.3 1 1
github.com/eriksw/tfref/parse.go:64.2,65.76 2 1
github.com/eriksw/tfref/parse.go:68.68,71.16 3 1
github.com/eriksw/tfref/parse.go:71.16,73.3 1 1
github.com/eriksw/tfref/parse.go:74.2,75.37 2 1
github.com/eriksw/tfref/parse.go:96.9,97.25 1 1
github.com/eriksw/tfref/parse.go:97.25,99.3 1 0
github.com/eriksw/tfref/parse.go:100.2,105.16 3 1
github.com/eriksw/tfref/parse.go:105.16,107.3 1 0
github.com/eriksw/tfref/parse.go:108.2,109.16 2 1
github.com/eriksw/tfref/parse.go:109.16,111.3 1 0
github.com/eriksw/tfref/parse.go:112.2,116.29 3 1
github.com/eriksw/tfref/parse.go:116.29,118.17 2 1
github.com/eriksw/tfref/parse.go:118.17,120.4 1 0
github.com/eriksw/tfref/parse.go:121.3,122.24 2 1
github.com/eriksw/tfref/parse.go:122.24,124.4 1 0
github.com/eriksw/tfref/parse.go:125.3,126.10 2 1
github.com/eriksw/tfref/parse.go:126.10,127.12 1 0
github.com/eriksw/tfref/parse.go:130.3,130.37 1 1
github.com/eriksw/tfref/parse.go:130.37,131.22 1 1
github.com/eriksw/tfref/parse.go:133.18,135.55 1 1
github.com/eriksw/tfref/parse.go:135.55,139.6 3 1
github.com/eriksw/tfref/parse.go:141.18,142.31 1 1
github.com/eriksw/tfref/parse.go:142.31,143.14 1 0
github.com/eriksw/tfref/parse.go:145.5,155.55 6 1
github.com/eriksw/tfref/parse.go:155.55,156.22 1 1
github.com/eriksw/tfref/parse.go:157.20,158.88 1 1
github.com/eriksw/tfref/parse.go:158.88,160.8 1 1
github.com/eriksw/tfref/parse.go:161.7,161.15 1 1
github.com/eriksw/tfref/parse.go:162.34,163.15 1 1
github.com/eriksw/tfref/parse.go:164.45,168.50 2 1
github.com/eriksw/tfref/parse.go:168.50,170.25 2 1
github.com/eriksw/tfref/parse.go:170.25,171.17 1 0
github.com/eriksw/tfref/parse.go:173.8,173.72 1 1
github.com/eriksw/tfref/parse.go:175.7,175.15 1 1
github.com/eriksw/tfref/parse.go:178.6,178.49 1 1
github.com/eriksw/tfref/parse.go:178.49,180.24 2 1
github.com/eriksw/tfref/parse.go:180.24,181.16 1 1
github.com/eriksw/tfref/parse.go:183.7,189.21 3 1
github.com/eriksw/tfref/parse.go:193.5,194.21 2 1
github.com/eriksw/tfref/parse.go:194.21,195.72 1 1
github.com/eriksw/tfref/parse.go:195.72,197.7 1 1
github.com/eriksw/tfref/parse.go:197.12,202.78 2 1
github.com/eriksw/tfref/parse.go:202.78,204.8 1 1
github.com/eriksw/tfref/parse.go:205.7,208.8 1 1
github.com/eriksw/tfref/parse.go:211.5,211.36 1 1
github.com/eriksw/tfref/parse.go:213.38,228.55 5 1
github.com/eriksw/tfref/parse.go:228.55,229.22 1 1
github.com/eriksw/tfref/parse.go:230.24,231.50 1 1
github.com/eriksw/tfref/parse.go:231.50,233.32 2 1
github.com/eriksw/tfref/parse.go:233.32,234.17 1 0
github.com/eriksw/tfref/parse.go:236.8,237.72 2 1
github.com/eriksw/tfref/parse.go:239.14,240.56 1 1
github.com/eriksw/tfref/parse.go:244.12,246.19 2 1
github.com/eriksw/tfref/parse.go:246.19,247.14 1 0
github.com/eriksw/tfref/parse.go:249.5,251.55 3 1
github.com/eriksw/tfref/parse.go:257.2,257.31 1 1
github.com/eriksw/tfref/parse.go:257.31,258.26 1 1
github.com/eriksw/tfref/parse.go:258.26,259.101 1 1
github.com/eriksw/tfref/parse.go:259.101,261.5 1 0
github.com/eriksw/tfref/parse.go:268.2,268.31 1 1
github.com/eriksw/tfref/parse.go:268.31,269.55 1 1
github.com/eriksw/tfref/parse.go:269.55,271.34 2 1
github.com/eriksw/tfref/parse.go:271.34,274.5 2 1
github.com/eriksw/tfref/parse.go:283.2,283.31 1 1
github.com/eriksw/tfref/parse.go:283.31,286.3 2 1
github.com/eriksw/tfref/parse.go:288.2,288.12 1 1
github.com/eriksw/tfref/parse.go:293.83,294.52 1 1
github.com/eriksw/tfref/parse.go:294.52,296.3 1 1
github.com/eriksw/tfref/parse.go:304.89,306.37 2 1
github.com/eriksw/tfref/parse.go:306.37,307.28 1 1
github.com/eriksw/tfref/parse.go:307.28,308.45 1 1
github.com/eriksw/tfref/parse.go:308.45,309.13 1 1
github.com/eriksw/tfref/parse.go:311.4,311.46 1 1
github.com/eriksw/tfref/parse.go:311.46,315.5 3 1
github.com/eriksw/tfref/parse.go:324.90,326.37 2 1
github.com/eriksw/tfref/parse.go:326.37,327.28 1 1
github.com/eriksw/tfref/parse.go:327.28,328.54 1 1
github.com/eriksw/tfref/parse.go:328.54,329.13 1 1
github.com/eriksw/tfref/parse.go:331.4,331.40 1 1
github.com/eriksw/tfref/parse.go:331.40,332.94 1 1
github.com/eriksw/tfref/parse.go:332.94,334.6 1 1
github.com/eriksw/tfref/parse.go:342.88,343.39 1 1
github.com/eriksw/tfref/parse.go:343.39,345.3 1 1
github.com/eriksw/tfref/parse.go:346.2,346.36 1 1
github.com/eriksw/tfref/parse.go:346.36,348.3 1 0
github.com/eriksw/tfref/parse.go:353.93,354.40 1 1
github.com/eriksw/tfref/parse.go:354.40,356.35 2 1
github.com/eriksw/tfref/parse.go:356.35,357.12 1 1
github.com/eriksw/tfref/parse.go:359.3,359.67 1 1
github.com/eriksw/tfref/query.go:19.51,20.27 1 1
github.com/eriksw/tfref/query.go:20.27,22.3 1 1
github.com/eriksw/tfref/query.go:24.2,25.15 2 1
github.com/eriksw/tfref/query.go:25.15,27.3 1 1
github.com/eriksw/tfref/query.go:28.2,29.31 2 1
github.com/eriksw/tfref/query.go:29.31,30.83 1 1
github.com/eriksw/tfref/query.go:30.83,32.4 1 0
github.com/eriksw/tfref/query.go:34.2,34.14 1 1
github.com/eriksw/tfref/query.go:49.37,54.45 3 1
github.com/eriksw/tfref/query.go:54.45,57.3 2 1
github.com/eriksw/tfref/query.go:58.2,61.3 1 1
github.com/eriksw/tfref/query.go:68.47,69.43 1 1
github.com/eriksw/tfref/query.go:69.43,71.3 1 1
github.com/eriksw/tfref/query.go:72.2,72.24 1 1
github.com/eriksw/tfref/query.go:72.24,74.3 1 1
github.com/eriksw/tfref/query.go:75.2,75.42 1 0
github.com/eriksw/tfref/query.go:84.54,87.9 3 1
github.com/eriksw/tfref/query.go:87.9,89.3 1 1
github.com/eriksw/tfref/query.go:90.2,91.28 2 1
github.com/eriksw/tfref/query.go:91.28,92.16 1 1
github.com/eriksw/tfref/query.go:92.16,95.4 2 1
github.com/eriksw/tfref/query.go:103.2,104.35 2 1
github.com/eriksw/tfref/query.go:104.35,105.89 1 1
github.com/eriksw/tfref/query.go:105.89,107.4 1 1
github.com/eriksw/tfref/query.go:109.2,109.34 1 1
github.com/eriksw/tfref/query.go:109.34,110.89 1 1
github.com/eriksw/tfref/query.go:110.89,112.4 1 1
github.com/eriksw/tfref/query.go:115.2,115.14 1 1
github.com/eriksw/tfref/query.go:128.69,137.26 5 1
github.com/eriksw/tfref/query.go:137.26,138.18 1 1
github.com/eriksw/tfref/query.go:138.18,141.4 2 1
github.com/eriksw/tfref/query.go:143.2,145.21 2 1
github.com/eriksw/tfref/query.go:145.21,149.48 3 1
github.com/eriksw/tfref/query.go:149.48,150.26 1 1
github.com/eriksw/tfref/query.go:150.26,154.5 3 1
github.com/eriksw/tfref/query.go:157.2,157.16 1 1
github.com/eriksw/tfref/query.go:162.68,172.21 5 1
github.com/eriksw/tfref/query.go:172.21,176.47 3 1
github.com/eriksw/tfref/query.go:176.47,178.24 2 1
github.com/eriksw/tfref/query.go:178.24,181.5 2 1
github.com/eriksw/tfref/query.go:184.2,184.16 1 1
github.com/eriksw/tfref/query.go:189.53,191.23 2 0
github.com/eriksw/tfref/query.go:191.23,194.3 2 0
github.com/eriksw/tfref/query.go:195.2,196.23 2 0
github.com/eriksw/tfref/query.go:201.52,203.23 2 0
github.com/eriksw/tfref/query.go:203.23,206.3 2 0
github.com/eriksw/tfref/query.go:207.2,208.23 2 0
github.com/eriksw/tfref/query.go:211.45,212.28 1 0
github.com/eriksw/tfref/query.go:212.28,219.3 5 0
github.com/eriksw/tfref/resolve.go:23.50,24.26 1 1
github.com/eriksw/tfref/resolve.go:25.24,26.22 1 1
github.com/eriksw/tfref/resolve.go:27.25,28.71 1 1
github.com/eriksw/tfref/resolve.go:28.71,30.4 1 1
github.com/eriksw/tfref/resolve.go:32.3,32.19 1 1
github.com/eriksw/tfref/resolve.go:34.2,34.18 1 0
github.com/eriksw/tfref/resolve.go:46.67,47.17 1 1
github.com/eriksw/tfref/resolve.go:47.17,49.3 1 0
github.com/eriksw/tfref/resolve.go:50.2,51.9 2 1
github.com/eriksw/tfref/resolve.go:51.9,53.3 1 0
github.com/eriksw/tfref/resolve.go:59.2,60.29 2 1
github.com/eriksw/tfref/resolve.go:60.29,62.10 2 1
github.com/eriksw/tfref/resolve.go:62.10,63.9 1 1
github.com/eriksw/tfref/resolve.go:65.3,66.27 2 1
github.com/eriksw/tfref/resolve.go:66.27,67.9 1 1
github.com/eriksw/tfref/resolve.go:71.2,72.19 2 1
github.com/eriksw/tfref/resolve.go:73.13,75.27 1 1
github.com/eriksw/tfref/resolve.go:75.27,77.4 1 1
github.com/eriksw/tfref/resolve.go:79.15,81.27 1 1
github.com/eriksw/tfref/resolve.go:81.27,83.4 1 1
github.com/eriksw/tfref/resolve.go:85.16,96.22 2 1
github.com/eriksw/tfref/resolve.go:96.22,97.9 1 0
github.com/eriksw/tfref/resolve.go:100.3,101.10 2 1
github.com/eriksw/tfref/resolve.go:101.10,102.9 1 0
github.com/eriksw/tfref/resolve.go:104.3,108.21 3 1
github.com/eriksw/tfref/resolve.go:108.21,109.55 1 1
github.com/eriksw/tfref/resolve.go:109.55,111.5 1 1
github.com/eriksw/tfref/resolve.go:113.3,113.21 1 1
github.com/eriksw/tfref/resolve.go:113.21,114.45 1 1
github.com/eriksw/tfref/resolve.go:114.45,116.5 1 1
github.com/eriksw/tfref/resolve.go:119.14,121.27 1 0
github.com/eriksw/tfref/resolve.go:121.27,123.4 1 0
github.com/eriksw/tfref/resolve.go:125.52,127.18 1 1
github.com/eriksw/tfref/resolve.go:129.10,131.27 1 1
github.com/eriksw/tfref/resolve.go:131.27,133.4 1 1
github.com/eriksw/tfref/resolve.go:136.2,136.16 1 1
github.com/eriksw/tfref/resolve.go:136.16,138.3 1 0
github.com/eriksw/tfref/resolve.go:139.2,139.51 1 1
github.com/eriksw/tfref/resolve.go:144.49,145.20 1 1
github.com/eriksw/tfref/resolve.go:146.18,147.29 1 1
github.com/eriksw/tfref/resolve.go:147.29,149.4 1 1
github.com/eriksw/tfref/resolve.go:150.14,151.29 1 1
github.com/eriksw/tfref/resolve.go:151.29,153.4 1 1
github.com/eriksw/tfref/resolve.go:154.18,155.29 1 1
github.com/eriksw/tfref/resolve.go:155.29,157.4 1 1
github.com/eriksw/tfref/resolve.go:158.16,159.29 1 1
github.com/eriksw/tfref/resolve.go:159.29,161.4 1 1
github.com/eriksw/tfref/resolve.go:162.16,163.29 1 0
github.com/eriksw/tfref/resolve.go:163.29,165.4 1 0
github.com/eriksw/tfref/resolve.go:167.2,167.11 1 0
github.com/eriksw/tfref/resolve.go:181.89,186.22 3 1
github.com/eriksw/tfref/resolve.go:186.22,188.31 2 1
github.com/eriksw/tfref/resolve.go:189.25,190.21 1 1
github.com/eriksw/tfref/resolve.go:191.25,192.21 1 1
github.com/eriksw/tfref/resolve.go:194.3,194.27 1 1
github.com/eriksw/tfref/resolve.go:194.27,195.9 1 1
github.com/eriksw/tfref/resolve.go:197.3,198.10 2 1
github.com/eriksw/tfref/resolve.go:198.10,199.9 1 0
github.com/eriksw/tfref/resolve.go:201.3,202.20 2 1
github.com/eriksw/tfref/resolve.go:205.2,205.21 1 1
github.com/eriksw/tfref/resolve.go:205.21,208.3 1 0
github.com/eriksw/tfref/resolve.go:214.2,216.30 3 1
github.com/eriksw/tfref/resolve.go:217.24,218.21 1 1
github.com/eriksw/tfref/resolve.go:219.24,220.21 1 1
github.com/eriksw/tfref/resolve.go:221.10,222.25 1 0
github.com/eriksw/tfref/resolve.go:228.2,229.28 2 1
github.com/eriksw/tfref/resolve.go:229.28,231.10 2 1
github.com/eriksw/tfref/resolve.go:231.10,232.12 1 0
github.com/eriksw/tfref/resolve.go:234.3,235.52 2 1
github.com/eriksw/tfref/resolve.go:235.52,236.9 1 1
github.com/eriksw/tfref/resolve.go:238.3,238.26 1 0
github.com/eriksw/tfref/resolve.go:238.26,239.9 1 0
github.com/eriksw/tfref/resolve.go:243.2,243.24 1 1
github.com/eriksw/tfref/resolve.go:243.24,245.3 1 0
github.com/eriksw/tfref/resolve.go:246.2,246.63 1 1
github.com/eriksw/tfref/resolve.go:253.48,254.16 1 1
github.com/eriksw/tfref/resolve.go:254.16,256.3 1 1
github.com/eriksw/tfref/resolve.go:257.2,257.27 1 0
github.com/eriksw/tfref/resolve.go:268.57,269.22 1 1
github.com/eriksw/tfref/resolve.go:269.22,271.3 1 1
github.com/eriksw/tfref/resolve.go:272.2,274.26 3 0
github.com/eriksw/tfref/resolve.go:274.26,276.3 1 0
github.com/eriksw/tfref/resolve.go:277.2,278.32 2 0
